hello upesh, jarvis has full file control on your laptop!